2026-09-16 15:31:35,104 - INFO - ETL pipeline started
2026-09-16 15:31:35,104 - INFO - Extraction started
2026-09-16 15:31:35,104 - INFO - Extraction completed
2026-09-16 15:31:35,104 - INFO - Loading 1 valid records
2026-09-16 15:31:35,104 - INFO - Valid records: 1, Rejected records: 1
2026-09-16 15:31:35,104 - WARNING - Pipeline completed with rejected records
2026-09-16 15:31:35,104 - INFO - ETL pipeline execution ended
2026-09-16 15:32:16,726 - INFO - ETL pipeline started
2026-09-16 15:32:16,726 - INFO - Extraction started
2026-09-16 15:32:16,726 - INFO - Extraction completed
2026-09-16 15:32:16,731 - INFO - Loading 1 valid records
2026-09-16 15:32:16,731 - INFO - Valid records: 1, Rejected records: 1
2026-09-16 15:32:16,731 - WARNING - Pipeline completed with rejected records
2026-09-16 15:32:16,732 - INFO - ETL pipeline execution ended
2026-09-21 15:46:24,797 - INFO - ETL pipeline started
2026-09-21 15:46:24,798 - INFO - Extraction started
2026-09-21 15:46:24,798 - INFO - Extraction completed
2026-09-21 15:46:24,798 - INFO - Loading 1 valid records
2026-09-21 15:46:24,798 - INFO - Valid records: 1, Rejected records: 1
2026-09-21 15:46:24,798 - WARNING - Pipeline completed with rejected records
2026-09-21 15:46:24,798 - INFO - ETL pipeline execution ended
